============================= test session starts =============================
platform win32 -- Python 3.13.5, pytest-8.4.1, pluggy-1.6.0 -- C:\Python313\python.exe
cachedir: .pytest_cache
rootdir: C:\ApostaPro
plugins: anyio-4.9.0, asyncio-1.1.0, cov-6.2.1, mock-3.14.1
asyncio: mode=Mode.STRICT, asyncio_default_fixture_loop_scope=None, asyncio_default_test_loop_scope=function
collecting ... collected 7 items

Coleta_de_dados/apis/social/test_social_media_collector.py::test_social_media_collector_init FAILED [ 14%]
Coleta_de_dados/apis/social/test_social_media_collector.py::test_coletar_posts_recentes_clube_nao_encontrado PASSED [ 28%]
Coleta_de_dados/apis/social/test_social_media_collector.py::test_coletar_posts_recentes_sucesso ERROR [ 42%]
Coleta_de_dados/apis/social/test_social_media_collector.py::test_extrair_metricas_tweet FAILED [ 57%]
Coleta_de_dados/apis/social/test_social_media_collector.py::test_extrair_url_midia FAILED [ 71%]
Coleta_de_dados/apis/social/test_social_media_collector.py::test_salvar_post_duplicado FAILED [ 85%]
Coleta_de_dados/apis/social/test_social_media_collector.py::test_coletar_dados_para_todos_clubes PASSED [100%]

=================================== ERRORS ====================================
____________ ERROR at setup of test_coletar_posts_recentes_sucesso ____________

    @pytest.fixture
    def mock_requests():
        """Cria um mock para o m¾dulo requests."""
>       with patch('Coleta_de_dados.apis.social.collector.requests') as mock:
             ^^^^^^^^^^^^^^^^^^^^^^^^^^^^^^^^^^^^^^^^^^^^^^^^^^^^^^^

Coleta_de_dados\apis\social\test_social_media_collector.py:48: 
_ _ _ _ _ _ _ _ _ _ _ _ _ _ _ _ _ _ _ _ _ _ _ _ _ _ _ _ _ _ _ _ _ _ _ _ _ _ _ _
C:\Python313\Lib\unittest\mock.py:1497: in __enter__
    original, local = self.get_original()
                      ^^^^^^^^^^^^^^^^^^^
_ _ _ _ _ _ _ _ _ _ _ _ _ _ _ _ _ _ _ _ _ _ _ _ _ _ _ _ _ _ _ _ _ _ _ _ _ _ _ _

self = <unittest.mock._patch object at 0x000001D693FA2270>

    def get_original(self):
        target = self.getter()
        name = self.attribute
    
        original = DEFAULT
        local = False
    
        try:
            original = target.__dict__[name]
        except (AttributeError, KeyError):
            original = getattr(target, name, DEFAULT)
        else:
            local = True
    
        if name in _builtins and isinstance(target, ModuleType):
            self.create = True
    
        if not self.create and original is DEFAULT:
>           raise AttributeError(
                "%s does not have the attribute %r" % (target, name)
            )
E           AttributeError: <module 'Coleta_de_dados.apis.social.collector' from 'C:\\ApostaPro\\Coleta_de_dados\\apis\\social\\collector.py'> does not have the attribute 'requests'

C:\Python313\Lib\unittest\mock.py:1467: AttributeError
================================== FAILURES ===================================
______________________ test_social_media_collector_init _______________________

    def test_social_media_collector_init():
        """Testa a inicializaþÒo do SocialMediaCollector."""
        collector = SocialMediaCollector()
        assert collector is not None
        assert hasattr(collector, 'db')
        assert hasattr(collector, 'logger')
>       assert hasattr(collector, 'session')
E       AssertionError: assert False
E        +  where False = hasattr(<Coleta_de_dados.apis.social.collector.SocialMediaCollector object at 0x000001D6939A5A90>, 'session')

Coleta_de_dados\apis\social\test_social_media_collector.py:63: AssertionError
---------------------------- Captured stderr call -----------------------------
INFO:WDM:====== WebDriver manager ======
INFO:WDM:Get LATEST chromedriver version for google-chrome
INFO:WDM:Get LATEST chromedriver version for google-chrome
INFO:WDM:Driver [C:\Users\Eduardo Vitorino\.wdm\drivers\chromedriver\win64\138.0.7204.183\chromedriver-win32/chromedriver.exe] found in cache
------------------------------ Captured log call ------------------------------
INFO     WDM:logger.py:11 ====== WebDriver manager ======
INFO     WDM:logger.py:11 Get LATEST chromedriver version for google-chrome
INFO     WDM:logger.py:11 Get LATEST chromedriver version for google-chrome
INFO     WDM:logger.py:11 Driver [C:\Users\Eduardo Vitorino\.wdm\drivers\chromedriver\win64\138.0.7204.183\chromedriver-win32/chromedriver.exe] found in cache
_________________________ test_extrair_metricas_tweet _________________________

    def test_extrair_metricas_tweet():
        """Testa a extraþÒo de mÚtricas de um tweet."""
        # Cria um mock do BeautifulSoup
        soup_mock = MagicMock()
    
        # Configura os elementos de mÚtricas
        group_mock = MagicMock()
    
        # Cria spans simulados para as mÚtricas
        reply_span = MagicMock()
        reply_span.get.return_value = 'reply'
        reply_span.get_text.return_value = '245'
    
        retweet_span = MagicMock()
        retweet_span.get.return_value = 'retweet'
        retweet_span.get_text.return_value = '1.2K'
    
        like_span = MagicMock()
        like_span.get.return_value = 'like'
        like_span.get_text.return_value = '5.3K'
    
        view_span = MagicMock()
        view_span.get.return_value = 'view'
        view_span.get_text.return_value = '10.5K'
    
        # Configura o mock para retornar os spans corretos
        group_mock.find_all.return_value = [reply_span, retweet_span, like_span, view_span]
        soup_mock.find_all.return_value = [group_mock]
    
        # Cria o coletor e executa o teste
        collector = SocialMediaCollector()
>       metrics = collector._extrair_metricas_tweet(soup_mock)
                  ^^^^^^^^^^^^^^^^^^^^^^^^^^^^^^^^^
E       AttributeError: 'SocialMediaCollector' object has no attribute '_extrair_metricas_tweet'. Did you mean: '_extrair_metricas_engajamento'?

Coleta_de_dados\apis\social\test_social_media_collector.py:167: AttributeError
---------------------------- Captured stderr call -----------------------------
INFO:WDM:====== WebDriver manager ======
INFO:WDM:Get LATEST chromedriver version for google-chrome
INFO:WDM:Get LATEST chromedriver version for google-chrome
INFO:WDM:Driver [C:\Users\Eduardo Vitorino\.wdm\drivers\chromedriver\win64\138.0.7204.183\chromedriver-win32/chromedriver.exe] found in cache
------------------------------ Captured log call ------------------------------
INFO     WDM:logger.py:11 ====== WebDriver manager ======
INFO     WDM:logger.py:11 Get LATEST chromedriver version for google-chrome
INFO     WDM:logger.py:11 Get LATEST chromedriver version for google-chrome
INFO     WDM:logger.py:11 Driver [C:\Users\Eduardo Vitorino\.wdm\drivers\chromedriver\win64\138.0.7204.183\chromedriver-win32/chromedriver.exe] found in cache
___________________________ test_extrair_url_midia ____________________________

    def test_extrair_url_midia():
        """Testa a extraþÒo de URL de mÝdia de um tweet."""
        # Cria um mock do BeautifulSoup
        soup_mock = MagicMock()
    
        # Configura o mock para retornar uma imagem
        img_mock = MagicMock()
        img_mock.get.return_value = "https://pbs.twimg.com/media/ABC123.jpg?format=jpg&name=medium"
        soup_mock.find.return_value = img_mock
    
        # Cria o coletor e executa o teste
        collector = SocialMediaCollector()
>       url = collector._extrair_url_midia(soup_mock)
              ^^^^^^^^^^^^^^^^^^^^^^^^^^^^
E       AttributeError: 'SocialMediaCollector' object has no attribute '_extrair_url_midia'. Did you mean: '_extrair_midias'?

Coleta_de_dados\apis\social\test_social_media_collector.py:187: AttributeError
---------------------------- Captured stderr call -----------------------------
INFO:WDM:====== WebDriver manager ======
INFO:WDM:Get LATEST chromedriver version for google-chrome
INFO:WDM:Get LATEST chromedriver version for google-chrome
INFO:WDM:Driver [C:\Users\Eduardo Vitorino\.wdm\drivers\chromedriver\win64\138.0.7204.183\chromedriver-win32/chromedriver.exe] found in cache
------------------------------ Captured log call ------------------------------
INFO     WDM:logger.py:11 ====== WebDriver manager ======
INFO     WDM:logger.py:11 Get LATEST chromedriver version for google-chrome
INFO     WDM:logger.py:11 Get LATEST chromedriver version for google-chrome
INFO     WDM:logger.py:11 Driver [C:\Users\Eduardo Vitorino\.wdm\drivers\chromedriver\win64\138.0.7204.183\chromedriver-win32/chromedriver.exe] found in cache
_________________________ test_salvar_post_duplicado __________________________

db_session = <sqlalchemy.orm.session.Session object at 0x000001D693A591D0>

    def test_salvar_post_duplicado(db_session):
        """Testa o comportamento ao tentar salvar um post duplicado."""
        # Insere um post de teste
>       db_session.execute(
            """
            INSERT INTO posts_redes_sociais
            (clube_id, rede_social, post_id, conteudo, data_postagem,
             curtidas, comentarios, compartilhamentos, url_post)
            VALUES
            (1, 'Twitter', '12345', 'Post de teste', '2023-08-07 15:30:00',
             100, 10, 50, 'https://twitter.com/user/status/12345')
            """
        )

Coleta_de_dados\apis\social\test_social_media_collector.py:195: 
_ _ _ _ _ _ _ _ _ _ _ _ _ _ _ _ _ _ _ _ _ _ _ _ _ _ _ _ _ _ _ _ _ _ _ _ _ _ _ _
C:\Users\Eduardo Vitorino\AppData\Roaming\Python\Python313\site-packages\sqlalchemy\orm\session.py:2365: in execute
    return self._execute_internal(
C:\Users\Eduardo Vitorino\AppData\Roaming\Python\Python313\site-packages\sqlalchemy\orm\session.py:2149: in _execute_internal
    statement = coercions.expect(roles.StatementRole, statement)
                ^^^^^^^^^^^^^^^^^^^^^^^^^^^^^^^^^^^^^^^^^^^^^^^^
C:\Users\Eduardo Vitorino\AppData\Roaming\Python\Python313\site-packages\sqlalchemy\sql\coercions.py:395: in expect
    resolved = impl._literal_coercion(
C:\Users\Eduardo Vitorino\AppData\Roaming\Python\Python313\site-packages\sqlalchemy\sql\coercions.py:621: in _literal_coercion
    return self._text_coercion(element, argname, **kw)
           ^^^^^^^^^^^^^^^^^^^^^^^^^^^^^^^^^^^^^^^^^^^
C:\Users\Eduardo Vitorino\AppData\Roaming\Python\Python313\site-packages\sqlalchemy\sql\coercions.py:614: in _text_coercion
    return _no_text_coercion(element, argname)
           ^^^^^^^^^^^^^^^^^^^^^^^^^^^^^^^^^^^
_ _ _ _ _ _ _ _ _ _ _ _ _ _ _ _ _ _ _ _ _ _ _ _ _ _ _ _ _ _ _ _ _ _ _ _ _ _ _ _

element = "\n        INSERT INTO posts_redes_sociais \n        (clube_id, rede_social, post_id, conteudo, data_postagem, \n     ...45', 'Post de teste', '2023-08-07 15:30:00',\n         100, 10, 50, 'https://twitter.com/user/status/12345')\n        "
argname = None, exc_cls = <class 'sqlalchemy.exc.ArgumentError'>, extra = None
err = None

    def _no_text_coercion(
        element: Any,
        argname: Optional[str] = None,
        exc_cls: Type[exc.SQLAlchemyError] = exc.ArgumentError,
        extra: Optional[str] = None,
        err: Optional[Exception] = None,
    ) -> NoReturn:
>       raise exc_cls(
            "%(extra)sTextual SQL expression %(expr)r %(argname)sshould be "
            "explicitly declared as text(%(expr)r)"
            % {
                "expr": util.ellipses_string(element),
                "argname": "for argument %s" % (argname,) if argname else "",
                "extra": "%s " % extra if extra else "",
            }
        ) from err
E       sqlalchemy.exc.ArgumentError: Textual SQL expression '\n        INSERT INTO post...' should be explicitly declared as text('\n        INSERT INTO post...')

C:\Users\Eduardo Vitorino\AppData\Roaming\Python\Python313\site-packages\sqlalchemy\sql\coercions.py:584: ArgumentError
============================== warnings summary ===============================
..\Users\Eduardo Vitorino\AppData\Roaming\Python\Python313\site-packages\pydantic\fields.py:1093: 15 warnings
  C:\Users\Eduardo Vitorino\AppData\Roaming\Python\Python313\site-packages\pydantic\fields.py:1093: PydanticDeprecatedSince20: Using extra keyword arguments on `Field` is deprecated and will be removed. Use `json_schema_extra` instead. (Extra keys: 'env'). Deprecated in Pydantic V2.0 to be removed in V3.0. See Pydantic V2 Migration Guide at https://errors.pydantic.dev/2.11/migration/
    warn(

Coleta_de_dados\database\config.py:55
  C:\ApostaPro\Coleta_de_dados\database\config.py:55: PydanticDeprecatedSince20: Pydantic V1 style `@validator` validators are deprecated. You should migrate to Pydantic V2 style `@field_validator` validators, see the migration guide for more details. Deprecated in Pydantic V2.0 to be removed in V3.0. See Pydantic V2 Migration Guide at https://errors.pydantic.dev/2.11/migration/
    @validator('database_url', pre=True, always=True)

..\Users\Eduardo Vitorino\AppData\Roaming\Python\Python313\site-packages\pydantic\_internal\_config.py:323
  C:\Users\Eduardo Vitorino\AppData\Roaming\Python\Python313\site-packages\pydantic\_internal\_config.py:323: PydanticDeprecatedSince20: Support for class-based `config` is deprecated, use ConfigDict instead. Deprecated in Pydantic V2.0 to be removed in V3.0. See Pydantic V2 Migration Guide at https://errors.pydantic.dev/2.11/migration/
    warnings.warn(DEPRECATION_MESSAGE, DeprecationWarning)

-- Docs: https://docs.pytest.org/en/stable/how-to/capture-warnings.html
=========================== short test summary info ===========================
FAILED Coleta_de_dados/apis/social/test_social_media_collector.py::test_social_media_collector_init
FAILED Coleta_de_dados/apis/social/test_social_media_collector.py::test_extrair_metricas_tweet
FAILED Coleta_de_dados/apis/social/test_social_media_collector.py::test_extrair_url_midia
FAILED Coleta_de_dados/apis/social/test_social_media_collector.py::test_salvar_post_duplicado
ERROR Coleta_de_dados/apis/social/test_social_media_collector.py::test_coletar_posts_recentes_sucesso
============= 4 failed, 2 passed, 17 warnings, 1 error in 22.33s ==============
